Microchip MPLAB XC8 Compiler V2.40

Linker command line:

-W-3 \
  --edf=C:\Program Files\Microchip\xc8\v2.40\pic\dat\20220703182018_en.msgs \
  -cn -h+dist/default/production\I2C-Master.X.production.sym \
  --cmf=dist/default/production\I2C-Master.X.production.cmf -z -Q16F887 \
  -oC:\Users\pablo\AppData\Local\Temp\xcAsoqs.4 --defsym=__MPLAB_BUILD=1 \
  --fixupoverflow=error \
  -Mdist/default/production/I2C-Master.X.production.map \
  --md=C:\Users\pablo\AppData\Local\Temp\xcAsoqs.dat -E1 -ver=XC8 Compiler \
  --acfsm=1493 -ACODE=00h-07FFhx4 -ASTRCODE=00h-01FFFh -ASTRING=00h-0FFhx32 \
  -ACONST=00h-0FFhx32 -AENTRY=00h-0FFhx32 -ACOMMON=070h-07Fh \
  -ABANK0=020h-06Fh -ABANK1=0A0h-0EFh -ABANK2=0110h-016Fh \
  -ABANK3=0190h-01EFh -ARAM=020h-06Fh,0A0h-0EFh,0110h-016Fh,0190h-01EFh \
  -AABS1=020h-07Fh,0A0h-0EFh,0110h-016Fh,0190h-01EFh -ASFR0=00h-01Fh \
  -ASFR1=080h-09Fh -ASFR2=0100h-010Fh -ASFR3=0180h-018Fh \
  -ACONFIG=02007h-02008h -DCONFIG=2 -AIDLOC=02000h-02003h -DIDLOC=2 \
  -AEEDATA=00h-0FFh/02100h -peeprom_data=EEDATA -DEEDATA=2 -DCODE=2 \
  -DSTRCODE=2 -DSTRING=2 -DCONST=2 -DENTRY=2 \
  -preset_vec=00h,intentry=04h,init,end_init -ppowerup=CODE -pcinit=CODE \
  -pfunctab=ENTRY -k C:\Users\pablo\AppData\Local\Temp\xcAsoqs.o \
  dist/default/production\I2C-Master.X.production.o 

Object code version is 3.11

Machine type is 16F887



                Name                               Link     Load   Length Selector   Space Scale
C:\Users\pablo\AppData\Local\Temp\xcAsoqs.o
                end_init                              C        C        3        8       0
                reset_vec                             0        0        3        0       0
                config                             2007     2007        2        0       4
                idloc                              2000     2000        4        0       5
dist/default/production\I2C-Master.X.production.o
                cinit                                 F        F       1A        8       0
                intentry                              4        4        8        8       0
                config                             2007     2007        2        0       4
                idloc                              2000     2000        4        0       5
                text30                              BDF      BDF       1A     17BE       0
                text29                              BC7      BC7       18     178E       0
                text28                              B43      B43        D     1686       0
                text27                              C7F      C7F       2E     18FE       0
                text26                              B1E      B1E        9     163C       0
                text25                              B27      B27        9     164E       0
                text24                              B30      B30        9     1660       0
                text23                              B39      B39        A     1672       0
                text22                              D96      D96       42     1B2C       0
                text21                              E67      E67       50     1CCE       0
                text20                              D59      D59       3D     1AB2       0
                text19                              BB0      BB0       17     1760       0
                text18                              666      666       AC        8       0
                text17                              F78      F78       88     1EF0       0
                text16                              BF9      BF9       1A     17F2       0
                text15                              B50      B50       10     16A0       0
                text14                              DD8      DD8       42     1BB0       0
                text13                              C13      C13       22     1826       0
                text12                              B9A      B9A       16     1734       0
                text11                              C35      C35       25     186A       0
                text10                              B85      B85       15     170A       0
                text9                               F10      F10       68     1E20       0
                text8                               CAD      CAD       38     195A       0
                text7                               EB7      EB7       59     1D6E       0
                text6                               CE5      CE5       38     19CA       0
                text5                               7BC      7BC       44      F78       0
                text4                               D1D      D1D       3C     1A3A       0
                text3                               C5A      C5A       25     18B4       0
                text2                               B60      B60       12     16C0       0
                text1                               45A      45A      20C        8       0
                maintext                             29       29      431        8       0
                cstackBANK0                          20       20       22       20       1
                cstackCOMMON                         70       70        B       70       1
                clrtext                             B16      B16        8     162C       0
                inittext                            B72      B72       13     16E4       0
                dataBANK1                            A0       A0       4D       A0       1
                bssBANK0                             42       42       1E       20       1
                strings                             712      712       AA      E24       0
                idataBANK1                          E1A      E1A       4D     1C34       0

TOTAL           Name                               Link     Load   Length     Space
        CLASS   CODE           
                end_init                              C        C        3         0
                cinit                                 F        F       1A         0
                intentry                              4        4        8         0
                reset_vec                             0        0        3         0
                text30                              BDF      BDF       1A         0
                text29                              BC7      BC7       18         0
                text28                              B43      B43        D         0
                text27                              C7F      C7F       2E         0
                text26                              B1E      B1E        9         0
                text25                              B27      B27        9         0
                text24                              B30      B30        9         0
                text23                              B39      B39        A         0
                text22                              D96      D96       42         0
                text21                              E67      E67       50         0
                text20                              D59      D59       3D         0
                text19                              BB0      BB0       17         0
                text18                              666      666       AC         0
                text17                              F78      F78       88         0
                text16                              BF9      BF9       1A         0
                text15                              B50      B50       10         0
                text14                              DD8      DD8       42         0
                text13                              C13      C13       22         0
                text12                              B9A      B9A       16         0
                text11                              C35      C35       25         0
                text10                              B85      B85       15         0
                text9                               F10      F10       68         0
                text8                               CAD      CAD       38         0
                text7                               EB7      EB7       59         0
                text6                               CE5      CE5       38         0
                text5                               7BC      7BC       44         0
                text4                               D1D      D1D       3C         0
                text3                               C5A      C5A       25         0
                text2                               B60      B60       12         0
                text1                               45A      45A      20C         0
                maintext                             29       29      431         0
                clrtext                             B16      B16        8         0
                inittext                            B72      B72       13         0
                idataBANK1                          E1A      E1A       4D         0

        CLASS   STRCODE        

        CLASS   STRING         
                strings                             712      712       AA         0

        CLASS   CONST          

        CLASS   ENTRY          

        CLASS   COMMON         
                cstackCOMMON                         70       70        B         1

        CLASS   BANK0          
                cstackBANK0                          20       20       22         1
                bssBANK0                             42       42       1E         1

        CLASS   BANK1          
                dataBANK1                            A0       A0       4D         1

        CLASS   BANK2          

        CLASS   BANK3          

        CLASS   RAM            

        CLASS   ABS1           
                abs_s1                               7E       7E        2         1

        CLASS   SFR0           

        CLASS   SFR1           

        CLASS   SFR2           

        CLASS   SFR3           

        CLASS   CONFIG         
                config                             2007     2007        2         4

        CLASS   IDLOC          
                idloc                              2000     2000        4         5

        CLASS   EEDATA         

        CLASS   STACK          



SEGMENTS        Name                           Load    Length   Top    Selector   Space  Class     Delta

                reset_vec                      000000  000003  000003         0       0  CODE        2
                intentry                       000004  00070E  000712         8       0  CODE        2
                cstackBANK0                    000020  000040  000060        20       1  BANK0       1
                cstackCOMMON                   000070  00000B  00007B        70       1  COMMON      1
                dataBANK1                      0000A0  00004D  0000ED        A0       1  BANK1       1
                strings                        000712  0000AA  0007BC       E24       0  STRING      2
                text5                          0007BC  000044  000800       F78       0  CODE        2
                clrtext                        000B16  000008  000B1E      162C       0  CODE        2
                text26                         000B1E  000009  000B27      163C       0  CODE        2
                text25                         000B27  000009  000B30      164E       0  CODE        2
                text24                         000B30  000009  000B39      1660       0  CODE        2
                text23                         000B39  00000A  000B43      1672       0  CODE        2
                text28                         000B43  00000D  000B50      1686       0  CODE        2
                text15                         000B50  000010  000B60      16A0       0  CODE        2
                text2                          000B60  000012  000B72      16C0       0  CODE        2
                inittext                       000B72  000013  000B85      16E4       0  CODE        2
                text10                         000B85  000015  000B9A      170A       0  CODE        2
                text12                         000B9A  000016  000BB0      1734       0  CODE        2
                text19                         000BB0  000017  000BC7      1760       0  CODE        2
                text29                         000BC7  000018  000BDF      178E       0  CODE        2
                text30                         000BDF  00001A  000BF9      17BE       0  CODE        2
                text16                         000BF9  00001A  000C13      17F2       0  CODE        2
                text13                         000C13  000022  000C35      1826       0  CODE        2
                text11                         000C35  000025  000C5A      186A       0  CODE        2
                text3                          000C5A  000025  000C7F      18B4       0  CODE        2
                text27                         000C7F  00002E  000CAD      18FE       0  CODE        2
                text8                          000CAD  000038  000CE5      195A       0  CODE        2
                text6                          000CE5  000038  000D1D      19CA       0  CODE        2
                text4                          000D1D  00003C  000D59      1A3A       0  CODE        2
                text20                         000D59  00003D  000D96      1AB2       0  CODE        2
                text22                         000D96  000042  000DD8      1B2C       0  CODE        2
                text14                         000DD8  000042  000E1A      1BB0       0  CODE        2
                idataBANK1                     000E1A  00004D  000E67      1C34       0  CODE        2
                text21                         000E67  000050  000EB7      1CCE       0  CODE        2
                text7                          000EB7  000059  000F10      1D6E       0  CODE        2
                text9                          000F10  000068  000F78      1E20       0  CODE        2
                text17                         000F78  000088  001000      1EF0       0  CODE        2


UNUSED ADDRESS RANGES

        Name                Unused          Largest block    Delta
        BANK0            0060-006F             10           1
        BANK1            00ED-00EF              3           1
        BANK2            0110-016F             60           1
        BANK3            0190-01EF             60           1
        CODE             0003-0003              1           2
                         0800-0B15            316
                         1000-1FFF            800
        COMMON           007B-007D              3           1
        CONST            0003-0003              1           2
                         0800-0B15            100
                         1000-1FFF            100
        EEDATA           2100-21FF            100           2
        ENTRY            0003-0003              1           2
                         0800-0B15            100
                         1000-1FFF            100
        RAM              0060-006F             10           1
                         00ED-00EF              3
                         0110-016F             60
                         0190-01EF             60
        SFR0             0000-001F             20           1
        SFR1             0080-009F             20           1
        SFR2             0100-010F             10           1
        SFR3             0180-018F             10           1
        STRCODE          0003-0003              1           2
                         0800-0B15            316
                         1000-1FFF           1000
        STRING           0003-0003              1           2
                         0800-0B15            100
                         1000-1FFF            100

                                  Symbol Table

?_I2C_Master_Read                 cstackCOMMON 0073
?___lldiv                         cstackCOMMON 0073
?___lwdiv                         cstackCOMMON 0073
?___lwmod                         cstackBANK0  0020
?___wmul                          cstackCOMMON 0073
?_sprintf                         cstackBANK0  0026
DS3231_Bcd_Bin@bcd_value          cstackCOMMON 0075
DS3231_Bcd_Bin@temp               cstackCOMMON 0076
DS3231_Bin_Bcd@binary_value       cstackCOMMON 0074
DS3231_Bin_Bcd@retval             cstackCOMMON 0075
DS3231_Bin_Bcd@temp               cstackCOMMON 0076
DS3231_Get_Date@day               cstackBANK0  0022
DS3231_Get_Date@dow               cstackBANK0  0028
DS3231_Get_Date@mth               cstackBANK0  0024
DS3231_Get_Date@year              cstackBANK0  0026
DS3231_Get_Time@hr                cstackBANK0  0022
DS3231_Get_Time@min               cstackBANK0  0024
DS3231_Get_Time@sec               cstackBANK0  0026
DS3231_Read@data                  cstackBANK0  0021
DS3231_Read@reg                   cstackBANK0  0020
DS3231_Set_Date_Time@dw           cstackBANK0  0022
DS3231_Set_Date_Time@dy           cstackBANK0  0026
DS3231_Set_Date_Time@hr           cstackBANK0  0023
DS3231_Set_Date_Time@mn           cstackBANK0  0024
DS3231_Set_Date_Time@mth          cstackBANK0  0020
DS3231_Set_Date_Time@sc           cstackBANK0  0025
DS3231_Set_Date_Time@yr           cstackBANK0  0021
I2C_Master_Init@c                 cstackBANK0  0026
I2C_Master_Read@a                 cstackCOMMON 0073
I2C_Master_Read@temp              cstackCOMMON 0077
I2C_Master_Write@d                cstackCOMMON 0077
LcdALL_Cmd@a                      cstackCOMMON 0078
LcdALL_Port@a                     cstackCOMMON 0075
LcdALL_Set_Cursor@a               cstackBANK0  0020
LcdALL_Set_Cursor@b               cstackCOMMON 0079
LcdALL_Set_Cursor@temp            cstackBANK0  0021
LcdALL_Write_Char@a               cstackCOMMON 0077
LcdALL_Write_String@a             cstackBANK0  0022
LcdALL_Write_String@i             cstackBANK0  0020
_ADC                              bssBANK0     0042
_ANSEL                            (abs)        0188
_ANSELH                           (abs)        0189
_DS3231_Bcd_Bin                   text29       0BC7
_DS3231_Bin_Bcd                   text19       0BB0
_DS3231_Get_Date                  text21       0E67
_DS3231_Get_Time                  text20       0D59
_DS3231_Read                      text22       0D96
_DS3231_Set_Date_Time             text18       0666
_GIE                              (abs)        005F
_I2C_Master_Init                  text8        0CAD
_I2C_Master_Read                  text27       0C7F
_I2C_Master_RepeatedStart         text26       0B1E
_I2C_Master_Start                 text25       0B27
_I2C_Master_Stop                  text24       0B30
_I2C_Master_Wait                  text28       0B43
_I2C_Master_Write                 text23       0B39
_INTCONbits                       (abs)        000B
_IOCBbits                         (abs)        0096
_LcdALL_Clear                     text15       0B50
_LcdALL_Cmd                       text16       0BF9
_LcdALL_Init                      text14       0DD8
_LcdALL_Port                      text17       0F78
_LcdALL_Set_Cursor                text13       0C13
_LcdALL_Write_Char                text12       0B9A
_LcdALL_Write_String              text11       0C35
_OPTION_REGbits                   (abs)        0081
_OSCCONbits                       (abs)        008F
_PEIE                             (abs)        005E
_PORTA                            (abs)        0005
_PORTAbits                        (abs)        0005
_PORTB                            (abs)        0006
_PORTBbits                        (abs)        0006
_PORTD                            (abs)        0008
_PORTE                            (abs)        0009
_PORTEbits                        (abs)        0009
_RBIE                             (abs)        005B
_SSPADD                           (abs)        0093
_SSPBUF                           (abs)        0013
_SSPCON                           (abs)        0014
_SSPCON2                          (abs)        0091
_SSPCON2bits                      (abs)        0091
_SSPIE                            (abs)        0463
_SSPIF                            (abs)        0063
_SSPSTAT                          (abs)        0094
_TRISA                            (abs)        0085
_TRISB                            (abs)        0086
_TRISBbits                        (abs)        0086
_TRISC3                           (abs)        043B
_TRISC4                           (abs)        043C
_TRISCbits                        (abs)        0087
_TRISD                            (abs)        0088
_TRISE                            (abs)        0089
_WPUBbits                         (abs)        0095
__Habs1                           abs1         0000
__Hbank0                          bank0        0000
__Hbank1                          bank1        0000
__Hbank2                          bank2        0000
__Hbank3                          bank3        0000
__HbssBANK0                       bssBANK0     0000
__Hcinit                          cinit        0029
__Hclrtext                        clrtext      0000
__Hcode                           code         0000
__Hcommon                         common       0000
__Hconfig                         config       2009
__HcstackBANK0                    cstackBANK0  0000
__HcstackCOMMON                   cstackCOMMON 0000
__HdataBANK1                      dataBANK1    0000
__Heeprom_data                    eeprom_data  0000
__Hend_init                       end_init     000F
__Hfunctab                        functab      0000
__HidataBANK1                     idataBANK1   0000
__Hidloc                          idloc        2004
__Hinit                           init         000C
__Hinittext                       inittext     0000
__Hintentry                       intentry     000C
__Hmaintext                       maintext     0000
__Hpowerup                        powerup      0000
__Hram                            ram          0000
__Hreset_vec                      reset_vec    0003
__Hsfr0                           sfr0         0000
__Hsfr1                           sfr1         0000
__Hsfr2                           sfr2         0000
__Hsfr3                           sfr3         0000
__Hspace_0                        (abs)        1000
__Hspace_1                        (abs)        00ED
__Hspace_2                        (abs)        0000
__Hspace_3                        (abs)        0000
__Hspace_4                        (abs)        4010
__Hstack                          stack        0000
__Hstrings                        strings      0000
__Htext                           text         0000
__Labs1                           abs1         0000
__Lbank0                          bank0        0000
__Lbank1                          bank1        0000
__Lbank2                          bank2        0000
__Lbank3                          bank3        0000
__LbssBANK0                       bssBANK0     0000
__Lcinit                          cinit        000F
__Lclrtext                        clrtext      0000
__Lcode                           code         0000
__Lcommon                         common       0000
__Lconfig                         config       0000
__LcstackBANK0                    cstackBANK0  0000
__LcstackCOMMON                   cstackCOMMON 0000
__LdataBANK1                      dataBANK1    0000
__Leeprom_data                    eeprom_data  0000
__Lend_init                       end_init     000C
__Lfunctab                        functab      0000
__LidataBANK1                     idataBANK1   0000
__Lidloc                          idloc        0000
__Linit                           init         000C
__Linittext                       inittext     0000
__Lintentry                       intentry     0004
__Lmaintext                       maintext     0000
__Lpowerup                        powerup      0000
__Lram                            ram          0000
__Lreset_vec                      reset_vec    0000
__Lsfr0                           sfr0         0000
__Lsfr1                           sfr1         0000
__Lsfr2                           sfr2         0000
__Lsfr3                           sfr3         0000
__Lspace_0                        (abs)        0000
__Lspace_1                        (abs)        0000
__Lspace_2                        (abs)        0000
__Lspace_3                        (abs)        0000
__Lspace_4                        (abs)        0000
__Lstack                          stack        0000
__Lstrings                        strings      0000
__Ltext                           text         0000
__S0                              (abs)        1000
__S1                              (abs)        00ED
__S3                              (abs)        0000
___bmul                           text10       0B85
___bmul@multiplicand              cstackCOMMON 0073
___bmul@multiplier                cstackCOMMON 0076
___bmul@product                   cstackCOMMON 0075
___int_sp                         stack        0000
___latbits                        (abs)        0002
___lldiv                          text9        0F10
___lldiv@counter                  cstackBANK0  0025
___lldiv@dividend                 cstackCOMMON 0077
___lldiv@divisor                  cstackCOMMON 0073
___lldiv@quotient                 cstackBANK0  0021
___lwdiv                          text5        07BC
___lwdiv@counter                  cstackCOMMON 007A
___lwdiv@dividend                 cstackCOMMON 0075
___lwdiv@divisor                  cstackCOMMON 0073
___lwdiv@quotient                 cstackCOMMON 0078
___lwmod                          text4        0D1D
___lwmod@counter                  cstackBANK0  0025
___lwmod@dividend                 cstackBANK0  0022
___lwmod@divisor                  cstackBANK0  0020
___sp                             stack        0000
___stackhi                        (abs)        0000
___stacklo                        (abs)        0000
___wmul                           text3        0C5A
___wmul@multiplicand              cstackCOMMON 0075
___wmul@multiplier                cstackCOMMON 0073
___wmul@product                   cstackCOMMON 0077
__end_of_DS3231_Bcd_Bin           text29       0BDF
__end_of_DS3231_Bin_Bcd           text19       0BC7
__end_of_DS3231_Get_Date          text21       0EB7
__end_of_DS3231_Get_Time          text20       0D96
__end_of_DS3231_Read              text22       0DD8
__end_of_DS3231_Set_Date_Time     text18       0712
__end_of_I2C_Master_Init          text8        0CE5
__end_of_I2C_Master_Read          text27       0CAD
__end_of_I2C_Master_RepeatedStart text26       0B27
__end_of_I2C_Master_Start         text25       0B30
__end_of_I2C_Master_Stop          text24       0B39
__end_of_I2C_Master_Wait          text28       0B50
__end_of_I2C_Master_Write         text23       0B43
__end_of_LcdALL_Clear             text15       0B60
__end_of_LcdALL_Cmd               text16       0C13
__end_of_LcdALL_Init              text14       0E1A
__end_of_LcdALL_Port              text17       1000
__end_of_LcdALL_Set_Cursor        text13       0C35
__end_of_LcdALL_Write_Char        text12       0BB0
__end_of_LcdALL_Write_String      text11       0C5A
__end_of___bmul                   text10       0B9A
__end_of___lldiv                  text9        0F78
__end_of___lwdiv                  text5        0800
__end_of___lwmod                  text4        0D59
__end_of___wmul                   text3        0C7F
__end_of__initialization          cinit        0025
__end_of__stringtab               strings      0722
__end_of_dpowers                  strings      072C
__end_of_ioc_init                 text7        0F10
__end_of_isdigit                  text2        0B72
__end_of_isr                      text30       0BF9
__end_of_letra                    strings      0734
__end_of_main                     maintext     045A
__end_of_setup                    text6        0D1D
__end_of_sprintf                  text1        0666
__initialization                  cinit        000F
__pbssBANK0                       bssBANK0     0042
__pcstackBANK0                    cstackBANK0  0020
__pcstackCOMMON                   cstackCOMMON 0070
__pdataBANK1                      dataBANK1    00A0
__pidataBANK1                     idataBANK1   0E1A
__pintentry                       intentry     0004
__pmaintext                       maintext     0029
__pstrings                        strings      0712
__ptext1                          text1        045A
__ptext10                         text10       0B85
__ptext11                         text11       0C35
__ptext12                         text12       0B9A
__ptext13                         text13       0C13
__ptext14                         text14       0DD8
__ptext15                         text15       0B50
__ptext16                         text16       0BF9
__ptext17                         text17       0F78
__ptext18                         text18       0666
__ptext19                         text19       0BB0
__ptext2                          text2        0B60
__ptext20                         text20       0D59
__ptext21                         text21       0E67
__ptext22                         text22       0D96
__ptext23                         text23       0B39
__ptext24                         text24       0B30
__ptext25                         text25       0B27
__ptext26                         text26       0B1E
__ptext27                         text27       0C7F
__ptext28                         text28       0B43
__ptext29                         text29       0BC7
__ptext3                          text3        0C5A
__ptext30                         text30       0BDF
__ptext4                          text4        0D1D
__ptext5                          text5        07BC
__ptext6                          text6        0CE5
__ptext7                          text7        0EB7
__ptext8                          text8        0CAD
__ptext9                          text9        0F10
__stringbase                      strings      0721
__stringtab                       strings      0712
_buffer                           bssBANK0     004C
_day                              bssBANK0     004A
_dow                              bssBANK0     0047
_dpowers                          strings      0722
_dw                               dataBANK1    00A0
_estado                           bssBANK0     004B
_hr                               bssBANK0     0046
_ioc_init                         text7        0EB7
_isdigit                          text2        0B60
_isdigit$1087                     cstackCOMMON 0073
_isr                              text30       0BDF
_main                             maintext     0029
_min                              bssBANK0     0045
_mth                              bssBANK0     0049
_sec                              bssBANK0     0044
_setup                            text6        0CE5
_sprintf                          text1        045A
_year                             bssBANK0     0048
btemp                             (abs)        007E
clear_ram0                        clrtext      0B16
end_of_initialization             cinit        0025
init_fetch0                       inittext     0B72
init_ram0                         inittext     0B76
interrupt_function                intentry     0004
intlevel0                         functab      0000
intlevel1                         functab      0000
intlevel2                         functab      0000
intlevel3                         functab      0000
intlevel4                         functab      0000
intlevel5                         functab      0000
ioc_init@pin                      cstackCOMMON 0073
isdigit@c                         cstackCOMMON 0074
reset_vec                         reset_vec    0000
saved_w                           (abs)        007E
sprintf@ap                        cstackBANK0  0036
sprintf@c                         cstackBANK0  003D
sprintf@cp                        cstackBANK0  0037
sprintf@f                         cstackBANK0  0026
sprintf@flag                      cstackBANK0  0032
sprintf@len                       cstackBANK0  0039
sprintf@prec                      cstackBANK0  0035
sprintf@sp                        cstackBANK0  003E
sprintf@val                       cstackBANK0  0033
sprintf@width                     cstackBANK0  003B
start                             init         000C
start_initialization              cinit        000F
wtemp0                            (abs)        007E


MODULE INFORMATION

Module		Function		Class		Link	Load	Size
C:\Program Files\Microchip\xc8\v2.40\pic\sources\c90\common\Umul8.c
		___bmul        		CODE           	0B85	0000	21

C:\Program Files\Microchip\xc8\v2.40\pic\sources\c90\common\Umul8.c estimated size: 21

LCD_ALL.c
		_LcdALL_Cmd    		CODE           	0BF9	0000	26
		_LcdALL_Init   		CODE           	0DD8	0000	66
		_LcdALL_Port   		CODE           	0F78	0000	136
		_LcdALL_Clear  		CODE           	0B50	0000	16
		_LcdALL_Write_String		CODE           	0C35	0000	37
		_LcdALL_Write_Char		CODE           	0B9A	0000	22
		_LcdALL_Set_Cursor		CODE           	0C13	0000	34

LCD_ALL.c estimated size: 337

I2C.c
		_I2C_Master_Read		CODE           	0C7F	0000	46
		_I2C_Master_Wait		CODE           	0B43	0000	13
		_I2C_Master_Init		CODE           	0CAD	0000	56
		_I2C_Master_Stop		CODE           	0B30	0000	9
		_I2C_Master_RepeatedStart		CODE           	0B1E	0000	9
		_I2C_Master_Write		CODE           	0B39	0000	10
		_I2C_Master_Start		CODE           	0B27	0000	9

I2C.c estimated size: 152

REAL_CLOCK.c
		_DS3231_Read   		CODE           	0D96	0000	66
		_DS3231_Bin_Bcd		CODE           	0BB0	0000	23
		_DS3231_Bcd_Bin		CODE           	0BC7	0000	24
		_DS3231_Get_Date		CODE           	0E67	0000	80
		_DS3231_Get_Time		CODE           	0D59	0000	61
		_DS3231_Set_Date_Time		CODE           	0666	0000	172

REAL_CLOCK.c estimated size: 426

C:\Program Files\Microchip\xc8\v2.40\pic\sources\c90\common\__lldiv.c
		___lldiv       		CODE           	0F10	0000	104

C:\Program Files\Microchip\xc8\v2.40\pic\sources\c90\common\__lldiv.c estimated size: 104

C:\Program Files\Microchip\xc8\v2.40\pic\sources\c90\common\doprnt.c
		_sprintf       		CODE           	045A	0000	524

C:\Program Files\Microchip\xc8\v2.40\pic\sources\c90\common\doprnt.c estimated size: 524

C:\Program Files\Microchip\xc8\v2.40\pic\sources\c90\common\Umul16.c
		___wmul        		CODE           	0C5A	0000	37

C:\Program Files\Microchip\xc8\v2.40\pic\sources\c90\common\Umul16.c estimated size: 37

C:\Program Files\Microchip\xc8\v2.40\pic\sources\c90\common\lwmod.c
		___lwmod       		CODE           	0D1D	0000	60

C:\Program Files\Microchip\xc8\v2.40\pic\sources\c90\common\lwmod.c estimated size: 60

shared
		__stringtab    		STRING         	0712	0000	16
		_dpowers       		STRING         	0722	0000	10
		__initialization		CODE           	000F	0000	22
		_letra         		STRING         	0000	0000	0

shared estimated size: 48

C:\Program Files\Microchip\xc8\v2.40\pic\sources\c90\common\isdigit.c
		_isdigit       		CODE           	0B60	0000	18

C:\Program Files\Microchip\xc8\v2.40\pic\sources\c90\common\isdigit.c estimated size: 18

INTERRUPT_Library.c
		_ioc_init      		CODE           	0EB7	0000	89

INTERRUPT_Library.c estimated size: 89

main.c
		_main          		CODE           	0029	0000	1073
		_isr           		CODE           	0BDF	0000	26
		_setup         		CODE           	0CE5	0000	56

main.c estimated size: 1155

C:\Program Files\Microchip\xc8\v2.40\pic\sources\c90\common\lwdiv.c
		___lwdiv       		CODE           	07BC	0000	68

C:\Program Files\Microchip\xc8\v2.40\pic\sources\c90\common\lwdiv.c estimated size: 68

